[INFO] Scanning for projects...
[INFO] 
[INFO] ---------------------< medicalstore:medicalstore >----------------------
[INFO] Building medicalstore 0.0.1-SNAPSHOT
[INFO]   from pom.xml
[INFO] --------------------------------[ war ]---------------------------------
[WARNING] The artifact com.itextpdf:itext7-core:pom:8.0.2 has been relocated to com.itextpdf:itext-core:pom:8.0.2
[INFO] 
[INFO] --- resources:3.3.1:resources (default-resources) @ medicalstore ---
[INFO] Copying 1 resource from src\main\resources to target\classes
[INFO] Copying 69 resources from src\main\resources to target\classes
[INFO] 
[INFO] --- compiler:3.14.1:compile (default-compile) @ medicalstore ---
[INFO] Recompiling the module because of changed source code.
[INFO] Compiling 77 source files with javac [debug parameters release 17] to target\classes
[INFO] -------------------------------------------------------------
[ERROR] COMPILATION ERROR : 
[INFO] -------------------------------------------------------------
[ERROR] /C:/Users/kiran/Desktop/medicalstore/src/main/java/com/medicalstore/controller/OwnerController.java:[1,1] illegal character: '\ufeff'
[ERROR] /C:/Users/kiran/Desktop/medicalstore/src/main/java/com/medicalstore/controller/OwnerController.java:[1,10] class, interface, enum, or record expected
[INFO] 2 errors 
[INFO] -------------------------------------------------------------
[INFO] ------------------------------------------------------------------------
[INFO] BUILD FAILURE
[INFO] ------------------------------------------------------------------------
[INFO] Total time:  4.191 s
[INFO] Finished at: 2026-03-01T19:53:26+05:30
[INFO] ------------------------------------------------------------------------
[ERROR] Failed to execute goal org.apache.maven.plugins:maven-compiler-plugin:3.14.1:compile (default-compile) on project medicalstore: Compilation failure: Compilation failure: 
[ERROR] /C:/Users/kiran/Desktop/medicalstore/src/main/java/com/medicalstore/controller/OwnerController.java:[1,1] illegal character: '\ufeff'
[ERROR] /C:/Users/kiran/Desktop/medicalstore/src/main/java/com/medicalstore/controller/OwnerController.java:[1,10] class, interface, enum, or record expected
[ERROR] -> [Help 1]
[ERROR] 
[ERROR] To see the full stack trace of the errors, re-run Maven with the -e switch.
[ERROR] Re-run Maven using the -X switch to enable full debug logging.
[ERROR] 
[ERROR] For more information about the errors and possible solutions, please read the following articles:
[ERROR] [Help 1] http://cwiki.apache.org/confluence/display/MAVEN/MojoFailureException
